// Jest Snapshot v1, https://goo.gl/fbAQLP

exports[`Test in GifItem It should be to do match with snapshop 1`] = `
<div>
  <div
    class="card"
  >
    <img
      alt="Saitama"
      src="https://one-pounch.com/saitama.jpg"
    />
    <p>
      Saitama
    </p>
  </div>
</div>
`;
